// Jest Snapshot v1, https://goo.gl/fbAQLP

exports[`renders 1`] = `
Object {
  "$el": "<div id=\\"app\\"><div class=\\"banner\\"><img src=\\"https://vuejs.org/images/logo.png\\" width=\\"100\\" alt=\\"vue\\" class=\\"logo\\"><h1>Welcome to Vue.js</h1></div><div class=\\"bottom\\">
    To get started, edit <code>./src/components/App.vue</code> and save to reload.<br><span class=\\"fade\\">
      Checkout <code>./README.md</code> for more usages.
    </span></div></div>",
}
`;
